------------------------------------------------------------
TimeQuest Timing Analyzer Summary
------------------------------------------------------------

Type  : Slow 1100mV 85C Model Setup 'clk'
Slack : -4.434
TNS   : -91.903

Type  : Slow 1100mV 85C Model Setup 'cnt[25]'
Slack : -1.584
TNS   : -7.253

Type  : Slow 1100mV 85C Model Hold 'clk'
Slack : -1.901
TNS   : -45.252

Type  : Slow 1100mV 85C Model Hold 'cnt[25]'
Slack : 0.768
TNS   : 0.000

Type  : Slow 1100mV 85C Model Minimum Pulse Width 'clk'
Slack : -0.724
TNS   : -28.798

Type  : Slow 1100mV 85C Model Minimum Pulse Width 'cnt[25]'
Slack : -0.724
TNS   : -5.533

Type  : Slow 1100mV 0C Model Setup 'clk'
Slack : -4.630
TNS   : -91.194

Type  : Slow 1100mV 0C Model Setup 'cnt[25]'
Slack : -1.659
TNS   : -7.566

Type  : Slow 1100mV 0C Model Hold 'clk'
Slack : -1.982
TNS   : -50.452

Type  : Slow 1100mV 0C Model Hold 'cnt[25]'
Slack : 0.761
TNS   : 0.000

Type  : Slow 1100mV 0C Model Minimum Pulse Width 'clk'
Slack : -0.724
TNS   : -28.754

Type  : Slow 1100mV 0C Model Minimum Pulse Width 'cnt[25]'
Slack : -0.724
TNS   : -5.519

Type  : Fast 1100mV 85C Model Setup 'clk'
Slack : -1.503
TNS   : -26.151

Type  : Fast 1100mV 85C Model Setup 'cnt[25]'
Slack : -0.316
TNS   : -1.245

Type  : Fast 1100mV 85C Model Hold 'clk'
Slack : -0.910
TNS   : -23.141

Type  : Fast 1100mV 85C Model Hold 'cnt[25]'
Slack : 0.291
TNS   : 0.000

Type  : Fast 1100mV 85C Model Minimum Pulse Width 'clk'
Slack : -0.501
TNS   : -11.882

Type  : Fast 1100mV 85C Model Minimum Pulse Width 'cnt[25]'
Slack : 0.151
TNS   : 0.000

Type  : Fast 1100mV 0C Model Setup 'clk'
Slack : -1.360
TNS   : -21.494

Type  : Fast 1100mV 0C Model Setup 'cnt[25]'
Slack : -0.268
TNS   : -1.033

Type  : Fast 1100mV 0C Model Hold 'clk'
Slack : -0.937
TNS   : -23.763

Type  : Fast 1100mV 0C Model Hold 'cnt[25]'
Slack : 0.267
TNS   : 0.000

Type  : Fast 1100mV 0C Model Minimum Pulse Width 'clk'
Slack : -0.561
TNS   : -14.364

Type  : Fast 1100mV 0C Model Minimum Pulse Width 'cnt[25]'
Slack : 0.149
TNS   : 0.000

------------------------------------------------------------
