------------------------------------------------------------
TimeQuest Timing Analyzer Summary
------------------------------------------------------------

Type  : Slow 1200mV 85C Model Setup 'cnt[14]'
Slack : -2.218
TNS   : -193.130

Type  : Slow 1200mV 85C Model Setup 'cnt[20]'
Slack : -1.754
TNS   : -18.572

Type  : Slow 1200mV 85C Model Setup 'clk'
Slack : -1.491
TNS   : -18.975

Type  : Slow 1200mV 85C Model Setup 'cnt[3]'
Slack : -0.820
TNS   : -5.092

Type  : Slow 1200mV 85C Model Hold 'clk'
Slack : -1.244
TNS   : -11.185

Type  : Slow 1200mV 85C Model Hold 'cnt[20]'
Slack : 0.345
TNS   : 0.000

Type  : Slow 1200mV 85C Model Hold 'cnt[3]'
Slack : 0.361
TNS   : 0.000

Type  : Slow 1200mV 85C Model Hold 'cnt[14]'
Slack : 0.677
TNS   : 0.000

Type  : Slow 1200mV 85C Model Minimum Pulse Width 'clk'
Slack : -3.000
TNS   : -24.000

Type  : Slow 1200mV 85C Model Minimum Pulse Width 'cnt[14]'
Slack : -1.000
TNS   : -100.000

Type  : Slow 1200mV 85C Model Minimum Pulse Width 'cnt[20]'
Slack : -1.000
TNS   : -11.000

Type  : Slow 1200mV 85C Model Minimum Pulse Width 'cnt[3]'
Slack : -1.000
TNS   : -10.000

Type  : Slow 1200mV 0C Model Setup 'cnt[14]'
Slack : -1.881
TNS   : -163.051

Type  : Slow 1200mV 0C Model Setup 'cnt[20]'
Slack : -1.477
TNS   : -15.565

Type  : Slow 1200mV 0C Model Setup 'clk'
Slack : -1.189
TNS   : -14.490

Type  : Slow 1200mV 0C Model Setup 'cnt[3]'
Slack : -0.609
TNS   : -3.516

Type  : Slow 1200mV 0C Model Hold 'clk'
Slack : -1.137
TNS   : -10.578

Type  : Slow 1200mV 0C Model Hold 'cnt[20]'
Slack : 0.300
TNS   : 0.000

Type  : Slow 1200mV 0C Model Hold 'cnt[3]'
Slack : 0.321
TNS   : 0.000

Type  : Slow 1200mV 0C Model Hold 'cnt[14]'
Slack : 0.604
TNS   : 0.000

Type  : Slow 1200mV 0C Model Minimum Pulse Width 'clk'
Slack : -3.000
TNS   : -24.000

Type  : Slow 1200mV 0C Model Minimum Pulse Width 'cnt[14]'
Slack : -1.000
TNS   : -100.000

Type  : Slow 1200mV 0C Model Minimum Pulse Width 'cnt[20]'
Slack : -1.000
TNS   : -11.000

Type  : Slow 1200mV 0C Model Minimum Pulse Width 'cnt[3]'
Slack : -1.000
TNS   : -10.000

Type  : Fast 1200mV 0C Model Setup 'cnt[14]'
Slack : -0.828
TNS   : -65.218

Type  : Fast 1200mV 0C Model Setup 'cnt[20]'
Slack : -0.654
TNS   : -6.679

Type  : Fast 1200mV 0C Model Setup 'clk'
Slack : -0.417
TNS   : -2.962

Type  : Fast 1200mV 0C Model Setup 'cnt[3]'
Slack : -0.021
TNS   : -0.021

Type  : Fast 1200mV 0C Model Hold 'clk'
Slack : -0.698
TNS   : -6.058

Type  : Fast 1200mV 0C Model Hold 'cnt[20]'
Slack : 0.180
TNS   : 0.000

Type  : Fast 1200mV 0C Model Hold 'cnt[3]'
Slack : 0.194
TNS   : 0.000

Type  : Fast 1200mV 0C Model Hold 'cnt[14]'
Slack : 0.310
TNS   : 0.000

Type  : Fast 1200mV 0C Model Minimum Pulse Width 'clk'
Slack : -3.000
TNS   : -30.192

Type  : Fast 1200mV 0C Model Minimum Pulse Width 'cnt[14]'
Slack : -1.000
TNS   : -100.000

Type  : Fast 1200mV 0C Model Minimum Pulse Width 'cnt[20]'
Slack : -1.000
TNS   : -11.000

Type  : Fast 1200mV 0C Model Minimum Pulse Width 'cnt[3]'
Slack : -1.000
TNS   : -10.000

------------------------------------------------------------
