MPLINK 4.49, Linker
Linker Map File - Created Mon Dec 11 11:38:55 2023

                                 Section Info
                  Section       Type    Address   Location Size(Bytes)
                ---------  ---------  ---------  ---------  ---------
                   .org_0       code   0x000000    program   0x000020
                   .cinit    romdata   0x000010    program   0x000004



                              Program Memory Usage 
                               Start         End      
                           ---------   ---------      
                            0x000000    0x000011      
            18 out of 2311 program addresses used, program memory utilization is 0%



                              Symbols - Sorted by Name
                     Name    Address   Location    Storage File                     
                ---------  ---------  ---------  --------- ---------                
                    loop1   0x000005    program     static C:\Users\A610\Documents\GitHub\hdl\register_addressing\register_addressing.asm
                    loop2   0x00000a    program     static C:\Users\A610\Documents\GitHub\hdl\register_addressing\register_addressing.asm



                              Symbols - Sorted by Address
                     Name    Address   Location    Storage File                     
                ---------  ---------  ---------  --------- ---------                
                    loop1   0x000005    program     static C:\Users\A610\Documents\GitHub\hdl\register_addressing\register_addressing.asm
                    loop2   0x00000a    program     static C:\Users\A610\Documents\GitHub\hdl\register_addressing\register_addressing.asm


