MPLINK 4.49, Linker
Linker Map File - Created Fri Dec 15 18:14:48 2023

                                 Section Info
                  Section       Type    Address   Location Size(Bytes)
                ---------  ---------  ---------  ---------  ---------
                   .org_0       code   0x000000    program   0x00003a
                   .cinit    romdata   0x00001d    program   0x000004



                              Program Memory Usage 
                               Start         End      
                           ---------   ---------      
                            0x000000    0x00001e      
            31 out of 2311 program addresses used, program memory utilization is 1%



                              Symbols - Sorted by Name
                     Name    Address   Location    Storage File                     
                ---------  ---------  ---------  --------- ---------                
                    delay   0x000012    program     static C:\Users\A610\Documents\GitHub\hdl\register_addressing\register_addressing.asm
                   delay1   0x000014    program     static C:\Users\A610\Documents\GitHub\hdl\register_addressing\register_addressing.asm
                   delay2   0x000015    program     static C:\Users\A610\Documents\GitHub\hdl\register_addressing\register_addressing.asm
                   delay3   0x000016    program     static C:\Users\A610\Documents\GitHub\hdl\register_addressing\register_addressing.asm
                    loop1   0x000005    program     static C:\Users\A610\Documents\GitHub\hdl\register_addressing\register_addressing.asm
                    loop2   0x00000b    program     static C:\Users\A610\Documents\GitHub\hdl\register_addressing\register_addressing.asm



                              Symbols - Sorted by Address
                     Name    Address   Location    Storage File                     
                ---------  ---------  ---------  --------- ---------                
                    loop1   0x000005    program     static C:\Users\A610\Documents\GitHub\hdl\register_addressing\register_addressing.asm
                    loop2   0x00000b    program     static C:\Users\A610\Documents\GitHub\hdl\register_addressing\register_addressing.asm
                    delay   0x000012    program     static C:\Users\A610\Documents\GitHub\hdl\register_addressing\register_addressing.asm
                   delay1   0x000014    program     static C:\Users\A610\Documents\GitHub\hdl\register_addressing\register_addressing.asm
                   delay2   0x000015    program     static C:\Users\A610\Documents\GitHub\hdl\register_addressing\register_addressing.asm
                   delay3   0x000016    program     static C:\Users\A610\Documents\GitHub\hdl\register_addressing\register_addressing.asm


